// Jest Snapshot v1, https://goo.gl/fbAQLP

exports[`GridContainer renders correctly 1`] = `
ShallowWrapper {
  "length": 1,
  Symbol(enzyme.__root__): [Circular],
  Symbol(enzyme.__unrendered__): <GridContainer
    gridData={
        Array [
            Object {
              "data": "120",
              "is_money": true,
            },
            Object {
              "data": "100",
              "is_money": true,
            },
            Object {
              "data": "20",
              "is_money": true,
            },
            Object {
              "data": "5",
              "is_money": false,
            },
          ]
    }
    headers={
        Array [
            "Loan Amount",
            "Loan Balance",
            "Weekly Repayment",
            "Remaining Term (Weeks)",
          ]
    }
/>,
  Symbol(enzyme.__renderer__): Object {
    "batchedUpdates": [Function],
    "getNode": [Function],
    "render": [Function],
    "simulateEvent": [Function],
    "unmount": [Function],
  },
  Symbol(enzyme.__node__): Object {
    "instance": null,
    "key": undefined,
    "nodeType": "host",
    "props": Object {
      "children": Array [
        <Grid
          gridData={
                    Object {
                              "data": "120",
                              "is_money": true,
                            }
          }
          hasMargin={true}
          header="Loan Amount"
/>,
        <Grid
          gridData={
                    Object {
                              "data": "100",
                              "is_money": true,
                            }
          }
          hasMargin={true}
          header="Loan Balance"
/>,
        <Grid
          gridData={
                    Object {
                              "data": "20",
                              "is_money": true,
                            }
          }
          hasMargin={true}
          header="Weekly Repayment"
/>,
        <Grid
          gridData={
                    Object {
                              "data": "5",
                              "is_money": false,
                            }
          }
          hasMargin={false}
          header="Remaining Term (Weeks)"
/>,
      ],
      "className": "details-grid",
    },
    "ref": null,
    "rendered": Array [
      Object {
        "instance": null,
        "key": "0",
        "nodeType": "function",
        "props": Object {
          "gridData": Object {
            "data": "120",
            "is_money": true,
          },
          "hasMargin": true,
          "header": "Loan Amount",
        },
        "ref": null,
        "rendered": null,
        "type": [Function],
      },
      Object {
        "instance": null,
        "key": "1",
        "nodeType": "function",
        "props": Object {
          "gridData": Object {
            "data": "100",
            "is_money": true,
          },
          "hasMargin": true,
          "header": "Loan Balance",
        },
        "ref": null,
        "rendered": null,
        "type": [Function],
      },
      Object {
        "instance": null,
        "key": "2",
        "nodeType": "function",
        "props": Object {
          "gridData": Object {
            "data": "20",
            "is_money": true,
          },
          "hasMargin": true,
          "header": "Weekly Repayment",
        },
        "ref": null,
        "rendered": null,
        "type": [Function],
      },
      Object {
        "instance": null,
        "key": "3",
        "nodeType": "function",
        "props": Object {
          "gridData": Object {
            "data": "5",
            "is_money": false,
          },
          "hasMargin": false,
          "header": "Remaining Term (Weeks)",
        },
        "ref": null,
        "rendered": null,
        "type": [Function],
      },
    ],
    "type": "div",
  },
  Symbol(enzyme.__nodes__): Array [
    Object {
      "instance": null,
      "key": undefined,
      "nodeType": "host",
      "props": Object {
        "children": Array [
          <Grid
            gridData={
                        Object {
                                    "data": "120",
                                    "is_money": true,
                                  }
            }
            hasMargin={true}
            header="Loan Amount"
/>,
          <Grid
            gridData={
                        Object {
                                    "data": "100",
                                    "is_money": true,
                                  }
            }
            hasMargin={true}
            header="Loan Balance"
/>,
          <Grid
            gridData={
                        Object {
                                    "data": "20",
                                    "is_money": true,
                                  }
            }
            hasMargin={true}
            header="Weekly Repayment"
/>,
          <Grid
            gridData={
                        Object {
                                    "data": "5",
                                    "is_money": false,
                                  }
            }
            hasMargin={false}
            header="Remaining Term (Weeks)"
/>,
        ],
        "className": "details-grid",
      },
      "ref": null,
      "rendered": Array [
        Object {
          "instance": null,
          "key": "0",
          "nodeType": "function",
          "props": Object {
            "gridData": Object {
              "data": "120",
              "is_money": true,
            },
            "hasMargin": true,
            "header": "Loan Amount",
          },
          "ref": null,
          "rendered": null,
          "type": [Function],
        },
        Object {
          "instance": null,
          "key": "1",
          "nodeType": "function",
          "props": Object {
            "gridData": Object {
              "data": "100",
              "is_money": true,
            },
            "hasMargin": true,
            "header": "Loan Balance",
          },
          "ref": null,
          "rendered": null,
          "type": [Function],
        },
        Object {
          "instance": null,
          "key": "2",
          "nodeType": "function",
          "props": Object {
            "gridData": Object {
              "data": "20",
              "is_money": true,
            },
            "hasMargin": true,
            "header": "Weekly Repayment",
          },
          "ref": null,
          "rendered": null,
          "type": [Function],
        },
        Object {
          "instance": null,
          "key": "3",
          "nodeType": "function",
          "props": Object {
            "gridData": Object {
              "data": "5",
              "is_money": false,
            },
            "hasMargin": false,
            "header": "Remaining Term (Weeks)",
          },
          "ref": null,
          "rendered": null,
          "type": [Function],
        },
      ],
      "type": "div",
    },
  ],
  Symbol(enzyme.__options__): Object {
    "adapter": ReactSixteenAdapter {
      "options": Object {
        "enableComponentDidUpdateOnSetState": true,
      },
    },
  },
}
`;
